# name: test_import_state_reps
  <class 'list'> [
    <class 'dict'> {
      'assemblyMember': None,
      'councilMember': None,
      'email': 'a@example.com',
      'name': 'New senator',
      'notes': None,
      'officeContacts': <class 'list'> [
      ],
      'party': None,
      'senator': <class 'dict'> {
        'district': 1,
        'website': 'https://www.nysenate.gov/district/1',
      },
      'title': 'Senator',
      'twitter': None,
      'type': 'SENATOR',
    },
    <class 'dict'> {
      'assemblyMember': None,
      'councilMember': None,
      'email': 'b@example.com',
      'name': 'Existing senator',
      'notes': None,
      'officeContacts': <class 'list'> [
        <class 'dict'> {
          'city': None,
          'fax': None,
          'phone': '111-222-3333',
          'type': 'CENTRAL_OFFICE',
        },
      ],
      'party': 'D',
      'senator': <class 'dict'> {
        'district': 2,
        'website': 'https://www.nysenate.gov/district/2',
      },
      'title': 'Senator',
      'twitter': 'thesenateguy',
      'type': 'SENATOR',
    },
    <class 'dict'> {
      'assemblyMember': <class 'dict'> {
        'district': 3,
        'website': 'https://nyassembly.gov/mem/?ad=3',
      },
      'councilMember': None,
      'email': 'c@example.com',
      'name': 'New assembly member',
      'notes': None,
      'officeContacts': <class 'list'> [
      ],
      'party': None,
      'senator': None,
      'title': 'Assembly member',
      'twitter': None,
      'type': 'ASSEMBLY_MEMBER',
    },
    <class 'dict'> {
      'assemblyMember': <class 'dict'> {
        'district': 4,
        'website': 'https://nyassembly.gov/mem/?ad=4',
      },
      'councilMember': None,
      'email': 'd@example.com',
      'name': 'Existing assembly member',
      'notes': None,
      'officeContacts': <class 'list'> [
        <class 'dict'> {
          'city': None,
          'fax': None,
          'phone': '111-222-3333',
          'type': 'CENTRAL_OFFICE',
        },
      ],
      'party': 'D',
      'senator': None,
      'title': 'Assembly',
      'twitter': 'theassembly',
      'type': 'ASSEMBLY_MEMBER',
    },
  ]
---
