# name: test_import_state_reps
  <class 'list'> [
    <class 'dict'> {
      'assemblyMember': <class 'dict'> {
        'district': 5,
        'website': 'https://nyassembly.gov/mem/?ad=5',
      },
      'councilMember': None,
      'email': 'me@assembly.com',
      'name': 'assemblymember name',
      'notes': None,
      'officeContacts': <class 'list'> [
        <class 'dict'> {
          'city': None,
          'fax': None,
          'phone': '111-222-3333',
          'type': 'CENTRAL_OFFICE',
        },
      ],
      'party': 'D',
      'senator': None,
      'title': 'Assemblymember',
      'twitter': 'theassembly',
      'type': 'ASSEMBLY_MEMBER',
    },
    <class 'dict'> {
      'assemblyMember': None,
      'councilMember': None,
      'email': 'me@senate.com',
      'name': 'senator name',
      'notes': None,
      'officeContacts': <class 'list'> [
        <class 'dict'> {
          'city': 'Albany',
          'fax': '888-888-8888',
          'phone': '111-222-3333',
          'type': 'CENTRAL_OFFICE',
        },
      ],
      'party': 'D',
      'senator': <class 'dict'> {
        'district': 3,
        'website': 'https://www.nysenate.gov/district/3',
      },
      'title': 'Senator',
      'twitter': 'thesenateguy',
      'type': 'SENATOR',
    },
  ]
---
