# name: test_get_persons
  <class 'list'> [
    <class 'dict'> {
      'assemblyMember': <class 'dict'> {
      },
      'councilMember': None,
      'email': 'me@assembly.com',
      'id': 'c208f3b3-d5a5-42d3-ae08-0c8fd38f08a5',
      'name': 'assemblymember name',
      'notes': None,
      'party': 'D',
      'phone': '1-555-555-5555',
      'senator': None,
      'title': 'Assemblymember',
      'twitter': 'theassembly',
      'type': 'ASSEMBLY_MEMBER',
    },
    <class 'dict'> {
      'assemblyMember': None,
      'councilMember': <class 'dict'> {
        'borough': 'Bronx',
        'legislativePhone': '1-222-333-4444',
        'termEnd': None,
        'termStart': None,
        'website': 'http://council.nyc.gov',
      },
      'email': 'me@example.com',
      'id': 'b1acc8fb-e0ba-440d-bbe2-0a1d8934b4a5',
      'name': 'council member name',
      'notes': None,
      'party': 'D',
      'phone': '1-555-555-5555',
      'senator': None,
      'title': 'Council member',
      'twitter': 'pmtemple',
      'type': 'COUNCIL_MEMBER',
    },
    <class 'dict'> {
      'assemblyMember': None,
      'councilMember': None,
      'email': 'me@senate.com',
      'id': '5544defa-dfc8-4c45-a074-2a7e558f8221',
      'name': 'senator name',
      'notes': None,
      'party': 'D',
      'phone': '1-555-555-5555',
      'senator': <class 'dict'> {
      },
      'title': 'Senator',
      'twitter': 'thesenateguy',
      'type': 'SENATOR',
    },
    <class 'dict'> {
      'assemblyMember': None,
      'councilMember': None,
      'email': 'me@staff.com',
      'id': '0c952bde-7fe1-4602-a0a4-acff932d73b1',
      'name': 'staffer name',
      'notes': None,
      'party': 'D',
      'phone': '1-555-555-5555',
      'senator': None,
      'title': 'Chief of staffer',
      'twitter': 'thestaff',
      'type': 'STAFFER',
    },
  ]
---
