# name: test_get_state_bill_sponsorships
  <class 'dict'> {
    'senateSponsorships': <class 'dict'> {
      'cosponsors': <class 'list'> [
        <class 'dict'> {
          'assemblyMember': None,
          'councilMember': None,
          'email': None,
          'id': '00000000-0000-0000-0000-000000000003',
          'name': 'Senate sponsor',
          'notes': None,
          'party': None,
          'phone': None,
          'senator': <class 'dict'> {
            'district': None,
            'website': None,
          },
          'title': None,
          'twitter': None,
          'type': 'SENATOR',
        },
      ],
      'leadSponsor': None,
      'nonSponsors': <class 'list'> [
        <class 'dict'> {
          'assemblyMember': None,
          'councilMember': None,
          'email': None,
          'id': '00000000-0000-0000-0000-000000000002',
          'name': 'Senate non sponsor',
          'notes': None,
          'party': None,
          'phone': None,
          'senator': <class 'dict'> {
            'district': None,
            'website': None,
          },
          'title': None,
          'twitter': None,
          'type': 'SENATOR',
        },
      ],
    },
  }
---
