# name: test_import_state_reps
  <class 'list'> [
    <class 'dict'> {
      'assemblyMember': <class 'dict'> {
        'district': 3,
        'website': 'https://nyassembly.gov/mem/?ad=3',
      },
      'councilMember': None,
      'email': 'c@example.com',
      'name': 'New assembly member',
      'notes': None,
      'party': None,
      'phone': None,
      'senator': None,
      'title': 'Assembly member',
      'twitter': None,
      'type': 'ASSEMBLY_MEMBER',
    },
    <class 'dict'> {
      'assemblyMember': None,
      'councilMember': None,
      'email': 'a@example.com',
      'name': 'New senator',
      'notes': None,
      'party': None,
      'phone': None,
      'senator': <class 'dict'> {
        'district': 1,
        'website': 'https://www.nysenate.gov/district/1',
      },
      'title': 'Senator',
      'twitter': None,
      'type': 'SENATOR',
    },
    <class 'dict'> {
      'assemblyMember': <class 'dict'> {
        'district': 4,
        'website': 'https://nyassembly.gov/mem/?ad=4',
      },
      'councilMember': None,
      'email': 'me@assembly.com',
      'name': 'assemblymember name',
      'notes': None,
      'party': 'D',
      'phone': '1-555-555-5555',
      'senator': None,
      'title': 'Assemblymember',
      'twitter': 'theassembly',
      'type': 'ASSEMBLY_MEMBER',
    },
    <class 'dict'> {
      'assemblyMember': None,
      'councilMember': None,
      'email': 'me@senate.com',
      'name': 'senator name',
      'notes': None,
      'party': 'D',
      'phone': '1-555-555-5555',
      'senator': <class 'dict'> {
        'district': 2,
        'website': 'https://www.nysenate.gov/district/2',
      },
      'title': 'Senator',
      'twitter': 'thesenateguy',
      'type': 'SENATOR',
    },
  ]
---
