# name: test_add_council_committees
  <class 'list'> [
    <class 'tuple'> (
      'Existing committee',
      1,
      'Committee',
    ),
    <class 'tuple'> (
      'New valid committee',
      2,
      'Committee',
    ),
    <class 'tuple'> (
      'Valid subcommittee',
      3,
      'Subcommittee',
    ),
    <class 'tuple'> (
      'Land Use committee',
      4,
      'Land Use',
    ),
  ]
---
